d93df00f.v1,2,0.0692267,27,27,4,4,100
7486119a.v1,2,0.20949,27,27,3,4,100
ee938277.v1,2,0.216623,33,3,2,3,100
b3c1e1b9.v1,2,0.282414,33,33,4,3,100
a3956c45.v1,2,0.188819,27,27,4,4,100
0224aea8.v1,3,0.31445,57,69,33,4,4,4,100
2cd3f9a7.v1,3,0.121759,75,27,75,3,4,4,100
32ea467f.v1,3,0.191791,33,69,39,3,4,4,100
2a25c881.v1,3,0.106573,39,33,69,4,3,4,100
42034f03.v1,3,0.31303,39,39,33,4,4,3,100
