2,0.133914,45,45,4,3,100
2,0.126213,45,45,4,3,100
2,0.0841593,33,33,4,3,100
2,0.260686,45,45,4,3,100
2,0.196902,33,33,4,2,100
3,0.0711344,33,33,33,3,4,2,100
3,0.21522,33,33,33,4,3,3,100
3,0.185122,33,45,45,4,3,4,100
3,0.0326526,39,33,39,3,4,4,100
3,0.0481635,39,33,39,4,4,3,100
4,0.168909,69,51,57,69,4,4,4,4,100
4,0.118502,51,57,69,69,4,4,4,4,100
4,0.120092,63,63,51,51,3,4,4,3,100
4,0.0733753,45,57,51,57,4,4,2,3,100
4,0.292296,45,51,51,51,4,2,3,2,100
5,0.200025,75,75,69,51,51,4,4,4,4,2,100
4,0.154495,45,39,69,69,4,2,4,4,100
5,0.285933,57,63,63,63,63,4,4,2,3,4,100
5,0.183529,57,75,63,57,75,4,3,3,4,4,100
5,0.229862,57,75,75,63,51,4,4,4,4,2,100
