2,0.133914,45,51,4,3,100.0
2,0.126213,51,45,3,4,100.0
2,0.084159,51,33,3,4,100.0
2,0.260686,51,45,3,4,100.0
2,0.196902,33,51,4,2,100.0
3,0.071134,51,33,33,2,4,3,100.0
3,0.21522,33,33,51,3,4,3,100.0
3,0.185122,33,45,45,4,4,3,100.0
3,0.032653,33,57,39,4,4,3,100.0
3,0.048164,51,33,39,3,4,4,100.0
4,0.168909,57,51,69,69,4,4,4,4,100.0
4,0.118502,57,69,69,51,4,4,4,4,100.0
4,0.120092,51,51,63,63,3,4,3,4,100.0
4,0.073375,45,57,57,51,4,3,4,2,100.0
4,0.292296,51,51,51,45,2,3,2,4,100.0
5,0.200025,75,51,69,75,51,4,4,4,4,2,100.0
5,0.173369,69,51,45,69,69,4,3,2,4,4,100.0
5,0.285933,63,63,63,57,63,4,4,3,4,2,100.0
5,0.183529,57,75,75,63,57,4,3,4,3,4,100.0
5,0.229862,75,75,51,63,57,4,4,2,4,4,100.0
